2025-09-08 21:13:05,174 - INFO - 登录用户admin成功
2025-09-08 21:13:05,175 - INFO - 关闭数据库
2025-09-08 21:13:07,637 - INFO - 登录用户admin成功
2025-09-08 21:13:07,638 - INFO - 关闭数据库
2025-09-08 21:19:50,853 - INFO - 登录用户admin成功
2025-09-08 21:19:50,854 - INFO - 关闭数据库
2025-09-08 21:20:13,821 - ERROR - 登录用户admin失败
2025-09-08 21:20:13,822 - INFO - 关闭数据库
2025-09-08 21:20:55,883 - ERROR - 登录用户admin失败
2025-09-08 21:20:55,883 - INFO - 关闭数据库
2025-09-08 21:21:10,654 - INFO - 登录用户admin成功
2025-09-08 21:21:10,654 - INFO - 关闭数据库
2025-09-08 21:21:52,058 - INFO - 登录用户admin成功
2025-09-08 21:21:52,058 - INFO - 关闭数据库
2025-09-08 21:23:46,328 - INFO - 登录用户user成功
2025-09-08 21:23:46,328 - INFO - 关闭数据库
2025-09-08 21:24:15,554 - INFO - 登录用户admin成功
2025-09-08 21:24:15,555 - INFO - 关闭数据库
2025-09-08 21:24:19,680 - INFO - 关闭查询订单表
2025-09-08 21:24:21,012 - INFO - 成功查询用户，并且返回
2025-09-08 21:24:21,013 - INFO - 关闭数据库
